Godot Engine v4.8.dev.mono.custom_build.9c776068d (2026-09-17 17:55:51 UTC) - https://godotengine.org
Vulkan 1.4.341 - Forward+ - Using Device #0: NVIDIA - NVIDIA GeForce RTX 5090

WARNING: Invalid comment in Ogg Vorbis file "res://assets/audio/player/Male_Hurt_01_Edwyn.ogg", should contain '=': "Sony Ogg Vorbis 1.0 Final".
   at: AudioStreamOggVorbis::maybe_update_info (modules\vorbis\audio_stream_ogg_vorbis.cpp:469)
   C# backtrace (most recent call first):
       [0] Godot.GodotObject Godot.NativeCalls.godot_icall_3_1282(nint, nint, string, string, int) (G:\FPSGame\godot\modules\mono\glue\GodotSharp\GodotSharp\Generated\NativeCalls.cs:11724)
       [1] Godot.Resource Godot.ResourceLoader.Load(string, string, Godot.ResourceLoader+CacheMode) (G:\FPSGame\godot\modules\mono\glue\GodotSharp\GodotSharp\Generated\GodotObjects\ResourceLoader.cs:120)
       [2] T Godot.ResourceLoader.Load<T>(string, string, Godot.ResourceLoader+CacheMode) (G:\FPSGame\godot\modules\mono\glue\GodotSharp\GodotSharp\Core\Extensions\ResourceLoaderExtensions.cs:27)
       [3] T Godot.GD.Load<T>(string) (G:\FPSGame\godot\modules\mono\glue\GodotSharp\GodotSharp\Core\GD.cs:129)
       [4] void FPSGame.PlayerState._Ready() (G:\FPSGame\game\src\Player\PlayerState.cs:68)
       [5] bool Godot.Node.InvokeGodotClassMethod(Godot.NativeInterop.godot_string_name&, Godot.NativeInterop.NativeVariantPtrArgs, Godot.NativeInterop.godot_variant&) (G:\FPSGame\godot\modules\mono\glue\GodotSharp\GodotSharp\Generated\GodotObjects\Node.cs:2660)
       [6] bool FPSGame.PlayerState.InvokeGodotClassMethod(Godot.NativeInterop.godot_string_name&, Godot.NativeInterop.NativeVariantPtrArgs, Godot.NativeInterop.godot_variant&) (G:\FPSGame\game\.godot\mono\temp\obj\Debug\Godot.SourceGenerators\Godot.SourceGenerators.ScriptMethodsGenerator\FPSGame.PlayerState_ScriptMethods.generated.cs:190)
       [7] Godot.NativeInterop.godot_bool Godot.Bridge.CSharpInstanceBridge.Call(nint, Godot.NativeInterop.godot_string_name*, Godot.NativeInterop.godot_variant**, int, Godot.NativeInterop.godot_variant_call_error*, Godot.NativeInterop.godot_variant*) (G:\FPSGame\godot\modules\mono\glue\GodotSharp\GodotSharp\Core\Bridge\CSharpInstanceBridge.cs:24)
WARNING: Invalid comment in Ogg Vorbis file "res://assets/audio/player/Male_Hurt_02_Edwyn.ogg", should contain '=': "Sony Ogg Vorbis 1.0 Final".
   at: AudioStreamOggVorbis::maybe_update_info (modules\vorbis\audio_stream_ogg_vorbis.cpp:469)
   C# backtrace (most recent call first):
       [0] Godot.GodotObject Godot.NativeCalls.godot_icall_3_1282(nint, nint, string, string, int) (G:\FPSGame\godot\modules\mono\glue\GodotSharp\GodotSharp\Generated\NativeCalls.cs:11724)
       [1] Godot.Resource Godot.ResourceLoader.Load(string, string, Godot.ResourceLoader+CacheMode) (G:\FPSGame\godot\modules\mono\glue\GodotSharp\GodotSharp\Generated\GodotObjects\ResourceLoader.cs:120)
       [2] T Godot.ResourceLoader.Load<T>(string, string, Godot.ResourceLoader+CacheMode) (G:\FPSGame\godot\modules\mono\glue\GodotSharp\GodotSharp\Core\Extensions\ResourceLoaderExtensions.cs:27)
       [3] T Godot.GD.Load<T>(string) (G:\FPSGame\godot\modules\mono\glue\GodotSharp\GodotSharp\Core\GD.cs:129)
       [4] void FPSGame.PlayerState._Ready() (G:\FPSGame\game\src\Player\PlayerState.cs:68)
       [5] bool Godot.Node.InvokeGodotClassMethod(Godot.NativeInterop.godot_string_name&, Godot.NativeInterop.NativeVariantPtrArgs, Godot.NativeInterop.godot_variant&) (G:\FPSGame\godot\modules\mono\glue\GodotSharp\GodotSharp\Generated\GodotObjects\Node.cs:2660)
       [6] bool FPSGame.PlayerState.InvokeGodotClassMethod(Godot.NativeInterop.godot_string_name&, Godot.NativeInterop.NativeVariantPtrArgs, Godot.NativeInterop.godot_variant&) (G:\FPSGame\game\.godot\mono\temp\obj\Debug\Godot.SourceGenerators\Godot.SourceGenerators.ScriptMethodsGenerator\FPSGame.PlayerState_ScriptMethods.generated.cs:190)
       [7] Godot.NativeInterop.godot_bool Godot.Bridge.CSharpInstanceBridge.Call(nint, Godot.NativeInterop.godot_string_name*, Godot.NativeInterop.godot_variant**, int, Godot.NativeInterop.godot_variant_call_error*, Godot.NativeInterop.godot_variant*) (G:\FPSGame\godot\modules\mono\glue\GodotSharp\GodotSharp\Core\Bridge\CSharpInstanceBridge.cs:24)
WARNING: Invalid comment in Ogg Vorbis file "res://assets/audio/player/Male_Hurt_03_Edwyn.ogg", should contain '=': "Sony Ogg Vorbis 1.0 Final".
   at: AudioStreamOggVorbis::maybe_update_info (modules\vorbis\audio_stream_ogg_vorbis.cpp:469)
   C# backtrace (most recent call first):
       [0] Godot.GodotObject Godot.NativeCalls.godot_icall_3_1282(nint, nint, string, string, int) (G:\FPSGame\godot\modules\mono\glue\GodotSharp\GodotSharp\Generated\NativeCalls.cs:11724)
       [1] Godot.Resource Godot.ResourceLoader.Load(string, string, Godot.ResourceLoader+CacheMode) (G:\FPSGame\godot\modules\mono\glue\GodotSharp\GodotSharp\Generated\GodotObjects\ResourceLoader.cs:120)
       [2] T Godot.ResourceLoader.Load<T>(string, string, Godot.ResourceLoader+CacheMode) (G:\FPSGame\godot\modules\mono\glue\GodotSharp\GodotSharp\Core\Extensions\ResourceLoaderExtensions.cs:27)
       [3] T Godot.GD.Load<T>(string) (G:\FPSGame\godot\modules\mono\glue\GodotSharp\GodotSharp\Core\GD.cs:129)
       [4] void FPSGame.PlayerState._Ready() (G:\FPSGame\game\src\Player\PlayerState.cs:68)
       [5] bool Godot.Node.InvokeGodotClassMethod(Godot.NativeInterop.godot_string_name&, Godot.NativeInterop.NativeVariantPtrArgs, Godot.NativeInterop.godot_variant&) (G:\FPSGame\godot\modules\mono\glue\GodotSharp\GodotSharp\Generated\GodotObjects\Node.cs:2660)
       [6] bool FPSGame.PlayerState.InvokeGodotClassMethod(Godot.NativeInterop.godot_string_name&, Godot.NativeInterop.NativeVariantPtrArgs, Godot.NativeInterop.godot_variant&) (G:\FPSGame\game\.godot\mono\temp\obj\Debug\Godot.SourceGenerators\Godot.SourceGenerators.ScriptMethodsGenerator\FPSGame.PlayerState_ScriptMethods.generated.cs:190)
       [7] Godot.NativeInterop.godot_bool Godot.Bridge.CSharpInstanceBridge.Call(nint, Godot.NativeInterop.godot_string_name*, Godot.NativeInterop.godot_variant**, int, Godot.NativeInterop.godot_variant_call_error*, Godot.NativeInterop.godot_variant*) (G:\FPSGame\godot\modules\mono\glue\GodotSharp\GodotSharp\Core\Bridge\CSharpInstanceBridge.cs:24)
WARNING: Invalid comment in Ogg Vorbis file "res://assets/audio/player/Male_Hurt_04_Edwyn.ogg", should contain '=': "Sony Ogg Vorbis 1.0 Final".
   at: AudioStreamOggVorbis::maybe_update_info (modules\vorbis\audio_stream_ogg_vorbis.cpp:469)
   C# backtrace (most recent call first):
       [0] Godot.GodotObject Godot.NativeCalls.godot_icall_3_1282(nint, nint, string, string, int) (G:\FPSGame\godot\modules\mono\glue\GodotSharp\GodotSharp\Generated\NativeCalls.cs:11724)
       [1] Godot.Resource Godot.ResourceLoader.Load(string, string, Godot.ResourceLoader+CacheMode) (G:\FPSGame\godot\modules\mono\glue\GodotSharp\GodotSharp\Generated\GodotObjects\ResourceLoader.cs:120)
       [2] T Godot.ResourceLoader.Load<T>(string, string, Godot.ResourceLoader+CacheMode) (G:\FPSGame\godot\modules\mono\glue\GodotSharp\GodotSharp\Core\Extensions\ResourceLoaderExtensions.cs:27)
       [3] T Godot.GD.Load<T>(string) (G:\FPSGame\godot\modules\mono\glue\GodotSharp\GodotSharp\Core\GD.cs:129)
       [4] void FPSGame.PlayerState._Ready() (G:\FPSGame\game\src\Player\PlayerState.cs:68)
       [5] bool Godot.Node.InvokeGodotClassMethod(Godot.NativeInterop.godot_string_name&, Godot.NativeInterop.NativeVariantPtrArgs, Godot.NativeInterop.godot_variant&) (G:\FPSGame\godot\modules\mono\glue\GodotSharp\GodotSharp\Generated\GodotObjects\Node.cs:2660)
       [6] bool FPSGame.PlayerState.InvokeGodotClassMethod(Godot.NativeInterop.godot_string_name&, Godot.NativeInterop.NativeVariantPtrArgs, Godot.NativeInterop.godot_variant&) (G:\FPSGame\game\.godot\mono\temp\obj\Debug\Godot.SourceGenerators\Godot.SourceGenerators.ScriptMethodsGenerator\FPSGame.PlayerState_ScriptMethods.generated.cs:190)
       [7] Godot.NativeInterop.godot_bool Godot.Bridge.CSharpInstanceBridge.Call(nint, Godot.NativeInterop.godot_string_name*, Godot.NativeInterop.godot_variant**, int, Godot.NativeInterop.godot_variant_call_error*, Godot.NativeInterop.godot_variant*) (G:\FPSGame\godot\modules\mono\glue\GodotSharp\GodotSharp\Core\Bridge\CSharpInstanceBridge.cs:24)
WARNING: Invalid comment in Ogg Vorbis file "res://assets/audio/player/Male_Hurt_05_Edwyn.ogg", should contain '=': "Sony Ogg Vorbis 1.0 Final".
   at: AudioStreamOggVorbis::maybe_update_info (modules\vorbis\audio_stream_ogg_vorbis.cpp:469)
   C# backtrace (most recent call first):
       [0] Godot.GodotObject Godot.NativeCalls.godot_icall_3_1282(nint, nint, string, string, int) (G:\FPSGame\godot\modules\mono\glue\GodotSharp\GodotSharp\Generated\NativeCalls.cs:11724)
       [1] Godot.Resource Godot.ResourceLoader.Load(string, string, Godot.ResourceLoader+CacheMode) (G:\FPSGame\godot\modules\mono\glue\GodotSharp\GodotSharp\Generated\GodotObjects\ResourceLoader.cs:120)
       [2] T Godot.ResourceLoader.Load<T>(string, string, Godot.ResourceLoader+CacheMode) (G:\FPSGame\godot\modules\mono\glue\GodotSharp\GodotSharp\Core\Extensions\ResourceLoaderExtensions.cs:27)
       [3] T Godot.GD.Load<T>(string) (G:\FPSGame\godot\modules\mono\glue\GodotSharp\GodotSharp\Core\GD.cs:129)
       [4] void FPSGame.PlayerState._Ready() (G:\FPSGame\game\src\Player\PlayerState.cs:68)
       [5] bool Godot.Node.InvokeGodotClassMethod(Godot.NativeInterop.godot_string_name&, Godot.NativeInterop.NativeVariantPtrArgs, Godot.NativeInterop.godot_variant&) (G:\FPSGame\godot\modules\mono\glue\GodotSharp\GodotSharp\Generated\GodotObjects\Node.cs:2660)
       [6] bool FPSGame.PlayerState.InvokeGodotClassMethod(Godot.NativeInterop.godot_string_name&, Godot.NativeInterop.NativeVariantPtrArgs, Godot.NativeInterop.godot_variant&) (G:\FPSGame\game\.godot\mono\temp\obj\Debug\Godot.SourceGenerators\Godot.SourceGenerators.ScriptMethodsGenerator\FPSGame.PlayerState_ScriptMethods.generated.cs:190)
       [7] Godot.NativeInterop.godot_bool Godot.Bridge.CSharpInstanceBridge.Call(nint, Godot.NativeInterop.godot_string_name*, Godot.NativeInterop.godot_variant**, int, Godot.NativeInterop.godot_variant_call_error*, Godot.NativeInterop.godot_variant*) (G:\FPSGame\godot\modules\mono\glue\GodotSharp\GodotSharp\Core\Bridge\CSharpInstanceBridge.cs:24)
WARNING: Invalid comment in Ogg Vorbis file "res://assets/audio/player/Male_Hurt_06_Edwyn.ogg", should contain '=': "Sony Ogg Vorbis 1.0 Final".
   at: AudioStreamOggVorbis::maybe_update_info (modules\vorbis\audio_stream_ogg_vorbis.cpp:469)
   C# backtrace (most recent call first):
       [0] Godot.GodotObject Godot.NativeCalls.godot_icall_3_1282(nint, nint, string, string, int) (G:\FPSGame\godot\modules\mono\glue\GodotSharp\GodotSharp\Generated\NativeCalls.cs:11724)
       [1] Godot.Resource Godot.ResourceLoader.Load(string, string, Godot.ResourceLoader+CacheMode) (G:\FPSGame\godot\modules\mono\glue\GodotSharp\GodotSharp\Generated\GodotObjects\ResourceLoader.cs:120)
       [2] T Godot.ResourceLoader.Load<T>(string, string, Godot.ResourceLoader+CacheMode) (G:\FPSGame\godot\modules\mono\glue\GodotSharp\GodotSharp\Core\Extensions\ResourceLoaderExtensions.cs:27)
       [3] T Godot.GD.Load<T>(string) (G:\FPSGame\godot\modules\mono\glue\GodotSharp\GodotSharp\Core\GD.cs:129)
       [4] void FPSGame.PlayerState._Ready() (G:\FPSGame\game\src\Player\PlayerState.cs:68)
       [5] bool Godot.Node.InvokeGodotClassMethod(Godot.NativeInterop.godot_string_name&, Godot.NativeInterop.NativeVariantPtrArgs, Godot.NativeInterop.godot_variant&) (G:\FPSGame\godot\modules\mono\glue\GodotSharp\GodotSharp\Generated\GodotObjects\Node.cs:2660)
       [6] bool FPSGame.PlayerState.InvokeGodotClassMethod(Godot.NativeInterop.godot_string_name&, Godot.NativeInterop.NativeVariantPtrArgs, Godot.NativeInterop.godot_variant&) (G:\FPSGame\game\.godot\mono\temp\obj\Debug\Godot.SourceGenerators\Godot.SourceGenerators.ScriptMethodsGenerator\FPSGame.PlayerState_ScriptMethods.generated.cs:190)
       [7] Godot.NativeInterop.godot_bool Godot.Bridge.CSharpInstanceBridge.Call(nint, Godot.NativeInterop.godot_string_name*, Godot.NativeInterop.godot_variant**, int, Godot.NativeInterop.godot_variant_call_error*, Godot.NativeInterop.godot_variant*) (G:\FPSGame\godot\modules\mono\glue\GodotSharp\GodotSharp\Core\Bridge\CSharpInstanceBridge.cs:24)
WARNING: Invalid comment in Ogg Vorbis file "res://assets/audio/player/Female_Hurt_03_Rina.ogg", should contain '=': "Sony Ogg Vorbis 1.0 Final".
   at: AudioStreamOggVorbis::maybe_update_info (modules\vorbis\audio_stream_ogg_vorbis.cpp:469)
   C# backtrace (most recent call first):
       [0] Godot.GodotObject Godot.NativeCalls.godot_icall_3_1282(nint, nint, string, string, int) (G:\FPSGame\godot\modules\mono\glue\GodotSharp\GodotSharp\Generated\NativeCalls.cs:11724)
       [1] Godot.Resource Godot.ResourceLoader.Load(string, string, Godot.ResourceLoader+CacheMode) (G:\FPSGame\godot\modules\mono\glue\GodotSharp\GodotSharp\Generated\GodotObjects\ResourceLoader.cs:120)
       [2] T Godot.ResourceLoader.Load<T>(string, string, Godot.ResourceLoader+CacheMode) (G:\FPSGame\godot\modules\mono\glue\GodotSharp\GodotSharp\Core\Extensions\ResourceLoaderExtensions.cs:27)
       [3] T Godot.GD.Load<T>(string) (G:\FPSGame\godot\modules\mono\glue\GodotSharp\GodotSharp\Core\GD.cs:129)
       [4] void FPSGame.PlayerState._Ready() (G:\FPSGame\game\src\Player\PlayerState.cs:68)
       [5] bool Godot.Node.InvokeGodotClassMethod(Godot.NativeInterop.godot_string_name&, Godot.NativeInterop.NativeVariantPtrArgs, Godot.NativeInterop.godot_variant&) (G:\FPSGame\godot\modules\mono\glue\GodotSharp\GodotSharp\Generated\GodotObjects\Node.cs:2660)
       [6] bool FPSGame.PlayerState.InvokeGodotClassMethod(Godot.NativeInterop.godot_string_name&, Godot.NativeInterop.NativeVariantPtrArgs, Godot.NativeInterop.godot_variant&) (G:\FPSGame\game\.godot\mono\temp\obj\Debug\Godot.SourceGenerators\Godot.SourceGenerators.ScriptMethodsGenerator\FPSGame.PlayerState_ScriptMethods.generated.cs:190)
       [7] Godot.NativeInterop.godot_bool Godot.Bridge.CSharpInstanceBridge.Call(nint, Godot.NativeInterop.godot_string_name*, Godot.NativeInterop.godot_variant**, int, Godot.NativeInterop.godot_variant_call_error*, Godot.NativeInterop.godot_variant*) (G:\FPSGame\godot\modules\mono\glue\GodotSharp\GodotSharp\Core\Bridge\CSharpInstanceBridge.cs:24)
WARNING: Invalid comment in Ogg Vorbis file "res://assets/audio/player/Female_Hurt_04_Rina.ogg", should contain '=': "Sony Ogg Vorbis 1.0 Final".
   at: AudioStreamOggVorbis::maybe_update_info (modules\vorbis\audio_stream_ogg_vorbis.cpp:469)
   C# backtrace (most recent call first):
       [0] Godot.GodotObject Godot.NativeCalls.godot_icall_3_1282(nint, nint, string, string, int) (G:\FPSGame\godot\modules\mono\glue\GodotSharp\GodotSharp\Generated\NativeCalls.cs:11724)
       [1] Godot.Resource Godot.ResourceLoader.Load(string, string, Godot.ResourceLoader+CacheMode) (G:\FPSGame\godot\modules\mono\glue\GodotSharp\GodotSharp\Generated\GodotObjects\ResourceLoader.cs:120)
       [2] T Godot.ResourceLoader.Load<T>(string, string, Godot.ResourceLoader+CacheMode) (G:\FPSGame\godot\modules\mono\glue\GodotSharp\GodotSharp\Core\Extensions\ResourceLoaderExtensions.cs:27)
       [3] T Godot.GD.Load<T>(string) (G:\FPSGame\godot\modules\mono\glue\GodotSharp\GodotSharp\Core\GD.cs:129)
       [4] void FPSGame.PlayerState._Ready() (G:\FPSGame\game\src\Player\PlayerState.cs:68)
       [5] bool Godot.Node.InvokeGodotClassMethod(Godot.NativeInterop.godot_string_name&, Godot.NativeInterop.NativeVariantPtrArgs, Godot.NativeInterop.godot_variant&) (G:\FPSGame\godot\modules\mono\glue\GodotSharp\GodotSharp\Generated\GodotObjects\Node.cs:2660)
       [6] bool FPSGame.PlayerState.InvokeGodotClassMethod(Godot.NativeInterop.godot_string_name&, Godot.NativeInterop.NativeVariantPtrArgs, Godot.NativeInterop.godot_variant&) (G:\FPSGame\game\.godot\mono\temp\obj\Debug\Godot.SourceGenerators\Godot.SourceGenerators.ScriptMethodsGenerator\FPSGame.PlayerState_ScriptMethods.generated.cs:190)
       [7] Godot.NativeInterop.godot_bool Godot.Bridge.CSharpInstanceBridge.Call(nint, Godot.NativeInterop.godot_string_name*, Godot.NativeInterop.godot_variant**, int, Godot.NativeInterop.godot_variant_call_error*, Godot.NativeInterop.godot_variant*) (G:\FPSGame\godot\modules\mono\glue\GodotSharp\GodotSharp\Core\Bridge\CSharpInstanceBridge.cs:24)
[UdpDeviceServer] 开始设备发现广播 Fortune → 255.255.255.255:8282
[L1] debug: 跳过 19s 开场直接开战
[level1] group 0 start: num=10 interval=5.00 max_alive=1 slots=5
[UdpDeviceServer] 所需设备已连齐,停止广播
[FIRE] target=bull hp=30
WARNING: Invalid comment in Ogg Vorbis file "res://assets/audio/monsters/bull/hurt.ogg", should contain '=': "Sony Ogg Vorbis 1.0 Final".
   at: AudioStreamOggVorbis::maybe_update_info (modules\vorbis\audio_stream_ogg_vorbis.cpp:469)
   C# backtrace (most recent call first):
       [0] Godot.GodotObject Godot.NativeCalls.godot_icall_3_1282(nint, nint, string, string, int) (G:\FPSGame\godot\modules\mono\glue\GodotSharp\GodotSharp\Generated\NativeCalls.cs:11724)
       [1] Godot.Resource Godot.ResourceLoader.Load(string, string, Godot.ResourceLoader+CacheMode) (G:\FPSGame\godot\modules\mono\glue\GodotSharp\GodotSharp\Generated\GodotObjects\ResourceLoader.cs:120)
       [2] T Godot.ResourceLoader.Load<T>(string, string, Godot.ResourceLoader+CacheMode) (G:\FPSGame\godot\modules\mono\glue\GodotSharp\GodotSharp\Core\Extensions\ResourceLoaderExtensions.cs:27)
       [3] T Godot.GD.Load<T>(string) (G:\FPSGame\godot\modules\mono\glue\GodotSharp\GodotSharp\Core\GD.cs:129)
       [4] void FPSGame.Monster.PlaySound(string) (G:\FPSGame\game\src\Battle\Monster.cs:383)
       [5] string FPSGame.Monster.Hit(float, Godot.Vector3, FPSGame.Game+HitType, FPSGame.PlayerState+Side) (G:\FPSGame\game\src\Battle\Monster.cs:253)
       [6] bool FPSGame.Monster.InvokeGodotClassMethod(Godot.NativeInterop.godot_string_name&, Godot.NativeInterop.NativeVariantPtrArgs, Godot.NativeInterop.godot_variant&) (G:\FPSGame\game\.godot\mono\temp\obj\Debug\Godot.SourceGenerators\Godot.SourceGenerators.ScriptMethodsGenerator\FPSGame.Monster_ScriptMethods.generated.cs:256)
       [7] Godot.NativeInterop.godot_bool Godot.Bridge.CSharpInstanceBridge.Call(nint, Godot.NativeInterop.godot_string_name*, Godot.NativeInterop.godot_variant**, int, Godot.NativeInterop.godot_variant_call_error*, Godot.NativeInterop.godot_variant*) (G:\FPSGame\godot\modules\mono\glue\GodotSharp\GodotSharp\Core\Bridge\CSharpInstanceBridge.cs:24)
       [8] Godot.NativeInterop.godot_variant Godot.NativeInterop.NativeFuncs.godotsharp_method_bind_call(nint, nint, Godot.NativeInterop.godot_variant**, int, Godot.NativeInterop.godot_variant_call_error&) (G:\FPSGame\godot\modules\mono\glue\GodotSharp\GodotSharp\obj\Debug\Godot.SourceGenerators.Internal\Godot.SourceGenerators.Internal.UnmanagedCallbacksGenerator\Godot.NativeInterop.NativeFuncs.generated.cs:388)
       [9] Godot.Variant Godot.NativeCalls.godot_icall_2_932(nint, nint, Godot.NativeInterop.godot_string_name, System.ReadOnlySpan`1[Godot.Variant], Godot.NativeInterop.godot_string_name) (G:\FPSGame\godot\modules\mono\glue\GodotSharp\GodotSharp\Generated\NativeCalls.cs:8287)
       [10] Godot.Variant Godot.GodotObject.Call(Godot.StringName, Godot.Variant[]) (G:\FPSGame\godot\modules\mono\glue\GodotSharp\GodotSharp\Generated\GodotObjects\GodotObject.cs:749)
       [11] void FPSGame.FireSystem.UpdateSide(FPSGame.PlayerState+Side) (G:\FPSGame\game\src\Battle\FireSystem.cs:359)
       [12] void FPSGame.FireSystem._Process(double) (G:\FPSGame\game\src\Battle\FireSystem.cs:258)
       [13] bool Godot.Node.InvokeGodotClassMethod(Godot.NativeInterop.godot_string_name&, Godot.NativeInterop.NativeVariantPtrArgs, Godot.NativeInterop.godot_variant&) (G:\FPSGame\godot\modules\mono\glue\GodotSharp\GodotSharp\Generated\GodotObjects\Node.cs:2654)
       [14] bool Godot.Node3D.InvokeGodotClassMethod(Godot.NativeInterop.godot_string_name&, Godot.NativeInterop.NativeVariantPtrArgs, Godot.NativeInterop.godot_variant&) (G:\FPSGame\godot\modules\mono\glue\GodotSharp\GodotSharp\Generated\GodotObjects\Node3D.cs:1127)
       [15] bool FPSGame.FireSystem.InvokeGodotClassMethod(Godot.NativeInterop.godot_string_name&, Godot.NativeInterop.NativeVariantPtrArgs, Godot.NativeInterop.godot_variant&) (G:\FPSGame\game\.godot\mono\temp\obj\Debug\Godot.SourceGenerators\Godot.SourceGenerators.ScriptMethodsGenerator\FPSGame.FireSystem_ScriptMethods.generated.cs:170)
       [16] Godot.NativeInterop.godot_bool Godot.Bridge.CSharpInstanceBridge.Call(nint, Godot.NativeInterop.godot_string_name*, Godot.NativeInterop.godot_variant**, int, Godot.NativeInterop.godot_variant_call_error*, Godot.NativeInterop.godot_variant*) (G:\FPSGame\godot\modules\mono\glue\GodotSharp\GodotSharp\Core\Bridge\CSharpInstanceBridge.cs:24)
[FIRE] f=60 keyRing=True leftHeld=True state=Battle mode=ControllerOrRight fireEnabled=True
WARNING: Invalid comment in Ogg Vorbis file "res://assets/audio/monsters/bull/dead.ogg", should contain '=': "Sony Ogg Vorbis 1.0 Final".
   at: AudioStreamOggVorbis::maybe_update_info (modules\vorbis\audio_stream_ogg_vorbis.cpp:469)
   C# backtrace (most recent call first):
       [0] Godot.GodotObject Godot.NativeCalls.godot_icall_3_1282(nint, nint, string, string, int) (G:\FPSGame\godot\modules\mono\glue\GodotSharp\GodotSharp\Generated\NativeCalls.cs:11724)
       [1] Godot.Resource Godot.ResourceLoader.Load(string, string, Godot.ResourceLoader+CacheMode) (G:\FPSGame\godot\modules\mono\glue\GodotSharp\GodotSharp\Generated\GodotObjects\ResourceLoader.cs:120)
       [2] T Godot.ResourceLoader.Load<T>(string, string, Godot.ResourceLoader+CacheMode) (G:\FPSGame\godot\modules\mono\glue\GodotSharp\GodotSharp\Core\Extensions\ResourceLoaderExtensions.cs:27)
       [3] T Godot.GD.Load<T>(string) (G:\FPSGame\godot\modules\mono\glue\GodotSharp\GodotSharp\Core\GD.cs:129)
       [4] void FPSGame.Monster.PlaySound(string) (G:\FPSGame\game\src\Battle\Monster.cs:383)
       [5] void FPSGame.Monster+<Die>d__51.MoveNext() (G:\FPSGame\game\src\Battle\Monster.cs:266)
       [6] void System.Runtime.CompilerServices.AsyncMethodBuilderCore.Start<TStateMachine>(TStateMachine&)
       [7] void FPSGame.Monster.Die()
       [8] string FPSGame.Monster.Hit(float, Godot.Vector3, FPSGame.Game+HitType, FPSGame.PlayerState+Side) (G:\FPSGame\game\src\Battle\Monster.cs:250)
       [9] bool FPSGame.Monster.InvokeGodotClassMethod(Godot.NativeInterop.godot_string_name&, Godot.NativeInterop.NativeVariantPtrArgs, Godot.NativeInterop.godot_variant&) (G:\FPSGame\game\.godot\mono\temp\obj\Debug\Godot.SourceGenerators\Godot.SourceGenerators.ScriptMethodsGenerator\FPSGame.Monster_ScriptMethods.generated.cs:256)
       [10] Godot.NativeInterop.godot_bool Godot.Bridge.CSharpInstanceBridge.Call(nint, Godot.NativeInterop.godot_string_name*, Godot.NativeInterop.godot_variant**, int, Godot.NativeInterop.godot_variant_call_error*, Godot.NativeInterop.godot_variant*) (G:\FPSGame\godot\modules\mono\glue\GodotSharp\GodotSharp\Core\Bridge\CSharpInstanceBridge.cs:24)
       [11] Godot.NativeInterop.godot_variant Godot.NativeInterop.NativeFuncs.godotsharp_method_bind_call(nint, nint, Godot.NativeInterop.godot_variant**, int, Godot.NativeInterop.godot_variant_call_error&) (G:\FPSGame\godot\modules\mono\glue\GodotSharp\GodotSharp\obj\Debug\Godot.SourceGenerators.Internal\Godot.SourceGenerators.Internal.UnmanagedCallbacksGenerator\Godot.NativeInterop.NativeFuncs.generated.cs:388)
       [12] Godot.Variant Godot.NativeCalls.godot_icall_2_932(nint, nint, Godot.NativeInterop.godot_string_name, System.ReadOnlySpan`1[Godot.Variant], Godot.NativeInterop.godot_string_name) (G:\FPSGame\godot\modules\mono\glue\GodotSharp\GodotSharp\Generated\NativeCalls.cs:8287)
       [13] Godot.Variant Godot.GodotObject.Call(Godot.StringName, Godot.Variant[]) (G:\FPSGame\godot\modules\mono\glue\GodotSharp\GodotSharp\Generated\GodotObjects\GodotObject.cs:749)
       [14] void FPSGame.FireSystem.UpdateSide(FPSGame.PlayerState+Side) (G:\FPSGame\game\src\Battle\FireSystem.cs:359)
       [15] void FPSGame.FireSystem._Process(double) (G:\FPSGame\game\src\Battle\FireSystem.cs:258)
       [16] bool Godot.Node.InvokeGodotClassMethod(Godot.NativeInterop.godot_string_name&, Godot.NativeInterop.NativeVariantPtrArgs, Godot.NativeInterop.godot_variant&) (G:\FPSGame\godot\modules\mono\glue\GodotSharp\GodotSharp\Generated\GodotObjects\Node.cs:2654)
       [17] bool Godot.Node3D.InvokeGodotClassMethod(Godot.NativeInterop.godot_string_name&, Godot.NativeInterop.NativeVariantPtrArgs, Godot.NativeInterop.godot_variant&) (G:\FPSGame\godot\modules\mono\glue\GodotSharp\GodotSharp\Generated\GodotObjects\Node3D.cs:1127)
       [18] bool FPSGame.FireSystem.InvokeGodotClassMethod(Godot.NativeInterop.godot_string_name&, Godot.NativeInterop.NativeVariantPtrArgs, Godot.NativeInterop.godot_variant&) (G:\FPSGame\game\.godot\mono\temp\obj\Debug\Godot.SourceGenerators\Godot.SourceGenerators.ScriptMethodsGenerator\FPSGame.FireSystem_ScriptMethods.generated.cs:170)
       [19] Godot.NativeInterop.godot_bool Godot.Bridge.CSharpInstanceBridge.Call(nint, Godot.NativeInterop.godot_string_name*, Godot.NativeInterop.godot_variant**, int, Godot.NativeInterop.godot_variant_call_error*, Godot.NativeInterop.godot_variant*) (G:\FPSGame\godot\modules\mono\glue\GodotSharp\GodotSharp\Core\Bridge\CSharpInstanceBridge.cs:24)
[FIRE] f=120 keyRing=True leftHeld=True state=Battle mode=ControllerOrRight fireEnabled=True
[FIRE] switch gun via mouse right: 2 → 0 (expect change)
[FIRE] f=180 keyRing=True leftHeld=True state=Battle mode=ControllerOrRight fireEnabled=True
[FIRE] f=240 keyRing=True leftHeld=True state=Battle mode=ControllerOrRight fireEnabled=True
[FIRE] f=300 keyRing=True leftHeld=True state=Battle mode=ControllerOrRight fireEnabled=True
[FIRE] f=360 keyRing=True leftHeld=True state=Battle mode=ControllerOrRight fireEnabled=True
[FIRE] after: target=none alive=1 bullet=98
[FIRE] shot saved: G:/FPSGame/tools/screenshots/final_check/gd_fire.png
