Godot Engine v4.8.dev.mono.custom_build.9c776068d (2026-09-17 17:55:51 UTC) - https://godotengine.org
Vulkan 1.4.341 - Forward+ - Using Device #0: NVIDIA - NVIDIA GeForce RTX 5090

WARNING: Invalid comment in Ogg Vorbis file "res://assets/audio/player/Male_Hurt_01_Edwyn.ogg", should contain '=': "Sony Ogg Vorbis 1.0 Final".
   at: AudioStreamOggVorbis::maybe_update_info (modules\vorbis\audio_stream_ogg_vorbis.cpp:469)
   C# backtrace (most recent call first):
       [0] Godot.GodotObject Godot.NativeCalls.godot_icall_3_1282(nint, nint, string, string, int) (G:\FPSGame\godot\modules\mono\glue\GodotSharp\GodotSharp\Generated\NativeCalls.cs:11724)
       [1] Godot.Resource Godot.ResourceLoader.Load(string, string, Godot.ResourceLoader+CacheMode) (G:\FPSGame\godot\modules\mono\glue\GodotSharp\GodotSharp\Generated\GodotObjects\ResourceLoader.cs:120)
       [2] T Godot.ResourceLoader.Load<T>(string, string, Godot.ResourceLoader+CacheMode) (G:\FPSGame\godot\modules\mono\glue\GodotSharp\GodotSharp\Core\Extensions\ResourceLoaderExtensions.cs:27)
       [3] T Godot.GD.Load<T>(string) (G:\FPSGame\godot\modules\mono\glue\GodotSharp\GodotSharp\Core\GD.cs:129)
       [4] void FPSGame.PlayerState._Ready() (G:\FPSGame\game\src\Player\PlayerState.cs:68)
       [5] bool Godot.Node.InvokeGodotClassMethod(Godot.NativeInterop.godot_string_name&, Godot.NativeInterop.NativeVariantPtrArgs, Godot.NativeInterop.godot_variant&) (G:\FPSGame\godot\modules\mono\glue\GodotSharp\GodotSharp\Generated\GodotObjects\Node.cs:2660)
       [6] bool FPSGame.PlayerState.InvokeGodotClassMethod(Godot.NativeInterop.godot_string_name&, Godot.NativeInterop.NativeVariantPtrArgs, Godot.NativeInterop.godot_variant&) (G:\FPSGame\game\.godot\mono\temp\obj\Debug\Godot.SourceGenerators\Godot.SourceGenerators.ScriptMethodsGenerator\FPSGame.PlayerState_ScriptMethods.generated.cs:190)
       [7] Godot.NativeInterop.godot_bool Godot.Bridge.CSharpInstanceBridge.Call(nint, Godot.NativeInterop.godot_string_name*, Godot.NativeInterop.godot_variant**, int, Godot.NativeInterop.godot_variant_call_error*, Godot.NativeInterop.godot_variant*) (G:\FPSGame\godot\modules\mono\glue\GodotSharp\GodotSharp\Core\Bridge\CSharpInstanceBridge.cs:24)
WARNING: Invalid comment in Ogg Vorbis file "res://assets/audio/player/Male_Hurt_02_Edwyn.ogg", should contain '=': "Sony Ogg Vorbis 1.0 Final".
   at: AudioStreamOggVorbis::maybe_update_info (modules\vorbis\audio_stream_ogg_vorbis.cpp:469)
   C# backtrace (most recent call first):
       [0] Godot.GodotObject Godot.NativeCalls.godot_icall_3_1282(nint, nint, string, string, int) (G:\FPSGame\godot\modules\mono\glue\GodotSharp\GodotSharp\Generated\NativeCalls.cs:11724)
       [1] Godot.Resource Godot.ResourceLoader.Load(string, string, Godot.ResourceLoader+CacheMode) (G:\FPSGame\godot\modules\mono\glue\GodotSharp\GodotSharp\Generated\GodotObjects\ResourceLoader.cs:120)
       [2] T Godot.ResourceLoader.Load<T>(string, string, Godot.ResourceLoader+CacheMode) (G:\FPSGame\godot\modules\mono\glue\GodotSharp\GodotSharp\Core\Extensions\ResourceLoaderExtensions.cs:27)
       [3] T Godot.GD.Load<T>(string) (G:\FPSGame\godot\modules\mono\glue\GodotSharp\GodotSharp\Core\GD.cs:129)
       [4] void FPSGame.PlayerState._Ready() (G:\FPSGame\game\src\Player\PlayerState.cs:68)
       [5] bool Godot.Node.InvokeGodotClassMethod(Godot.NativeInterop.godot_string_name&, Godot.NativeInterop.NativeVariantPtrArgs, Godot.NativeInterop.godot_variant&) (G:\FPSGame\godot\modules\mono\glue\GodotSharp\GodotSharp\Generated\GodotObjects\Node.cs:2660)
       [6] bool FPSGame.PlayerState.InvokeGodotClassMethod(Godot.NativeInterop.godot_string_name&, Godot.NativeInterop.NativeVariantPtrArgs, Godot.NativeInterop.godot_variant&) (G:\FPSGame\game\.godot\mono\temp\obj\Debug\Godot.SourceGenerators\Godot.SourceGenerators.ScriptMethodsGenerator\FPSGame.PlayerState_ScriptMethods.generated.cs:190)
       [7] Godot.NativeInterop.godot_bool Godot.Bridge.CSharpInstanceBridge.Call(nint, Godot.NativeInterop.godot_string_name*, Godot.NativeInterop.godot_variant**, int, Godot.NativeInterop.godot_variant_call_error*, Godot.NativeInterop.godot_variant*) (G:\FPSGame\godot\modules\mono\glue\GodotSharp\GodotSharp\Core\Bridge\CSharpInstanceBridge.cs:24)
WARNING: Invalid comment in Ogg Vorbis file "res://assets/audio/player/Male_Hurt_03_Edwyn.ogg", should contain '=': "Sony Ogg Vorbis 1.0 Final".
   at: AudioStreamOggVorbis::maybe_update_info (modules\vorbis\audio_stream_ogg_vorbis.cpp:469)
   C# backtrace (most recent call first):
       [0] Godot.GodotObject Godot.NativeCalls.godot_icall_3_1282(nint, nint, string, string, int) (G:\FPSGame\godot\modules\mono\glue\GodotSharp\GodotSharp\Generated\NativeCalls.cs:11724)
       [1] Godot.Resource Godot.ResourceLoader.Load(string, string, Godot.ResourceLoader+CacheMode) (G:\FPSGame\godot\modules\mono\glue\GodotSharp\GodotSharp\Generated\GodotObjects\ResourceLoader.cs:120)
       [2] T Godot.ResourceLoader.Load<T>(string, string, Godot.ResourceLoader+CacheMode) (G:\FPSGame\godot\modules\mono\glue\GodotSharp\GodotSharp\Core\Extensions\ResourceLoaderExtensions.cs:27)
       [3] T Godot.GD.Load<T>(string) (G:\FPSGame\godot\modules\mono\glue\GodotSharp\GodotSharp\Core\GD.cs:129)
       [4] void FPSGame.PlayerState._Ready() (G:\FPSGame\game\src\Player\PlayerState.cs:68)
       [5] bool Godot.Node.InvokeGodotClassMethod(Godot.NativeInterop.godot_string_name&, Godot.NativeInterop.NativeVariantPtrArgs, Godot.NativeInterop.godot_variant&) (G:\FPSGame\godot\modules\mono\glue\GodotSharp\GodotSharp\Generated\GodotObjects\Node.cs:2660)
       [6] bool FPSGame.PlayerState.InvokeGodotClassMethod(Godot.NativeInterop.godot_string_name&, Godot.NativeInterop.NativeVariantPtrArgs, Godot.NativeInterop.godot_variant&) (G:\FPSGame\game\.godot\mono\temp\obj\Debug\Godot.SourceGenerators\Godot.SourceGenerators.ScriptMethodsGenerator\FPSGame.PlayerState_ScriptMethods.generated.cs:190)
       [7] Godot.NativeInterop.godot_bool Godot.Bridge.CSharpInstanceBridge.Call(nint, Godot.NativeInterop.godot_string_name*, Godot.NativeInterop.godot_variant**, int, Godot.NativeInterop.godot_variant_call_error*, Godot.NativeInterop.godot_variant*) (G:\FPSGame\godot\modules\mono\glue\GodotSharp\GodotSharp\Core\Bridge\CSharpInstanceBridge.cs:24)
WARNING: Invalid comment in Ogg Vorbis file "res://assets/audio/player/Male_Hurt_04_Edwyn.ogg", should contain '=': "Sony Ogg Vorbis 1.0 Final".
   at: AudioStreamOggVorbis::maybe_update_info (modules\vorbis\audio_stream_ogg_vorbis.cpp:469)
   C# backtrace (most recent call first):
       [0] Godot.GodotObject Godot.NativeCalls.godot_icall_3_1282(nint, nint, string, string, int) (G:\FPSGame\godot\modules\mono\glue\GodotSharp\GodotSharp\Generated\NativeCalls.cs:11724)
       [1] Godot.Resource Godot.ResourceLoader.Load(string, string, Godot.ResourceLoader+CacheMode) (G:\FPSGame\godot\modules\mono\glue\GodotSharp\GodotSharp\Generated\GodotObjects\ResourceLoader.cs:120)
       [2] T Godot.ResourceLoader.Load<T>(string, string, Godot.ResourceLoader+CacheMode) (G:\FPSGame\godot\modules\mono\glue\GodotSharp\GodotSharp\Core\Extensions\ResourceLoaderExtensions.cs:27)
       [3] T Godot.GD.Load<T>(string) (G:\FPSGame\godot\modules\mono\glue\GodotSharp\GodotSharp\Core\GD.cs:129)
       [4] void FPSGame.PlayerState._Ready() (G:\FPSGame\game\src\Player\PlayerState.cs:68)
       [5] bool Godot.Node.InvokeGodotClassMethod(Godot.NativeInterop.godot_string_name&, Godot.NativeInterop.NativeVariantPtrArgs, Godot.NativeInterop.godot_variant&) (G:\FPSGame\godot\modules\mono\glue\GodotSharp\GodotSharp\Generated\GodotObjects\Node.cs:2660)
       [6] bool FPSGame.PlayerState.InvokeGodotClassMethod(Godot.NativeInterop.godot_string_name&, Godot.NativeInterop.NativeVariantPtrArgs, Godot.NativeInterop.godot_variant&) (G:\FPSGame\game\.godot\mono\temp\obj\Debug\Godot.SourceGenerators\Godot.SourceGenerators.ScriptMethodsGenerator\FPSGame.PlayerState_ScriptMethods.generated.cs:190)
       [7] Godot.NativeInterop.godot_bool Godot.Bridge.CSharpInstanceBridge.Call(nint, Godot.NativeInterop.godot_string_name*, Godot.NativeInterop.godot_variant**, int, Godot.NativeInterop.godot_variant_call_error*, Godot.NativeInterop.godot_variant*) (G:\FPSGame\godot\modules\mono\glue\GodotSharp\GodotSharp\Core\Bridge\CSharpInstanceBridge.cs:24)
WARNING: Invalid comment in Ogg Vorbis file "res://assets/audio/player/Male_Hurt_05_Edwyn.ogg", should contain '=': "Sony Ogg Vorbis 1.0 Final".
   at: AudioStreamOggVorbis::maybe_update_info (modules\vorbis\audio_stream_ogg_vorbis.cpp:469)
   C# backtrace (most recent call first):
       [0] Godot.GodotObject Godot.NativeCalls.godot_icall_3_1282(nint, nint, string, string, int) (G:\FPSGame\godot\modules\mono\glue\GodotSharp\GodotSharp\Generated\NativeCalls.cs:11724)
       [1] Godot.Resource Godot.ResourceLoader.Load(string, string, Godot.ResourceLoader+CacheMode) (G:\FPSGame\godot\modules\mono\glue\GodotSharp\GodotSharp\Generated\GodotObjects\ResourceLoader.cs:120)
       [2] T Godot.ResourceLoader.Load<T>(string, string, Godot.ResourceLoader+CacheMode) (G:\FPSGame\godot\modules\mono\glue\GodotSharp\GodotSharp\Core\Extensions\ResourceLoaderExtensions.cs:27)
       [3] T Godot.GD.Load<T>(string) (G:\FPSGame\godot\modules\mono\glue\GodotSharp\GodotSharp\Core\GD.cs:129)
       [4] void FPSGame.PlayerState._Ready() (G:\FPSGame\game\src\Player\PlayerState.cs:68)
       [5] bool Godot.Node.InvokeGodotClassMethod(Godot.NativeInterop.godot_string_name&, Godot.NativeInterop.NativeVariantPtrArgs, Godot.NativeInterop.godot_variant&) (G:\FPSGame\godot\modules\mono\glue\GodotSharp\GodotSharp\Generated\GodotObjects\Node.cs:2660)
       [6] bool FPSGame.PlayerState.InvokeGodotClassMethod(Godot.NativeInterop.godot_string_name&, Godot.NativeInterop.NativeVariantPtrArgs, Godot.NativeInterop.godot_variant&) (G:\FPSGame\game\.godot\mono\temp\obj\Debug\Godot.SourceGenerators\Godot.SourceGenerators.ScriptMethodsGenerator\FPSGame.PlayerState_ScriptMethods.generated.cs:190)
       [7] Godot.NativeInterop.godot_bool Godot.Bridge.CSharpInstanceBridge.Call(nint, Godot.NativeInterop.godot_string_name*, Godot.NativeInterop.godot_variant**, int, Godot.NativeInterop.godot_variant_call_error*, Godot.NativeInterop.godot_variant*) (G:\FPSGame\godot\modules\mono\glue\GodotSharp\GodotSharp\Core\Bridge\CSharpInstanceBridge.cs:24)
WARNING: Invalid comment in Ogg Vorbis file "res://assets/audio/player/Male_Hurt_06_Edwyn.ogg", should contain '=': "Sony Ogg Vorbis 1.0 Final".
   at: AudioStreamOggVorbis::maybe_update_info (modules\vorbis\audio_stream_ogg_vorbis.cpp:469)
   C# backtrace (most recent call first):
       [0] Godot.GodotObject Godot.NativeCalls.godot_icall_3_1282(nint, nint, string, string, int) (G:\FPSGame\godot\modules\mono\glue\GodotSharp\GodotSharp\Generated\NativeCalls.cs:11724)
       [1] Godot.Resource Godot.ResourceLoader.Load(string, string, Godot.ResourceLoader+CacheMode) (G:\FPSGame\godot\modules\mono\glue\GodotSharp\GodotSharp\Generated\GodotObjects\ResourceLoader.cs:120)
       [2] T Godot.ResourceLoader.Load<T>(string, string, Godot.ResourceLoader+CacheMode) (G:\FPSGame\godot\modules\mono\glue\GodotSharp\GodotSharp\Core\Extensions\ResourceLoaderExtensions.cs:27)
       [3] T Godot.GD.Load<T>(string) (G:\FPSGame\godot\modules\mono\glue\GodotSharp\GodotSharp\Core\GD.cs:129)
       [4] void FPSGame.PlayerState._Ready() (G:\FPSGame\game\src\Player\PlayerState.cs:68)
       [5] bool Godot.Node.InvokeGodotClassMethod(Godot.NativeInterop.godot_string_name&, Godot.NativeInterop.NativeVariantPtrArgs, Godot.NativeInterop.godot_variant&) (G:\FPSGame\godot\modules\mono\glue\GodotSharp\GodotSharp\Generated\GodotObjects\Node.cs:2660)
       [6] bool FPSGame.PlayerState.InvokeGodotClassMethod(Godot.NativeInterop.godot_string_name&, Godot.NativeInterop.NativeVariantPtrArgs, Godot.NativeInterop.godot_variant&) (G:\FPSGame\game\.godot\mono\temp\obj\Debug\Godot.SourceGenerators\Godot.SourceGenerators.ScriptMethodsGenerator\FPSGame.PlayerState_ScriptMethods.generated.cs:190)
       [7] Godot.NativeInterop.godot_bool Godot.Bridge.CSharpInstanceBridge.Call(nint, Godot.NativeInterop.godot_string_name*, Godot.NativeInterop.godot_variant**, int, Godot.NativeInterop.godot_variant_call_error*, Godot.NativeInterop.godot_variant*) (G:\FPSGame\godot\modules\mono\glue\GodotSharp\GodotSharp\Core\Bridge\CSharpInstanceBridge.cs:24)
WARNING: Invalid comment in Ogg Vorbis file "res://assets/audio/player/Female_Hurt_03_Rina.ogg", should contain '=': "Sony Ogg Vorbis 1.0 Final".
   at: AudioStreamOggVorbis::maybe_update_info (modules\vorbis\audio_stream_ogg_vorbis.cpp:469)
   C# backtrace (most recent call first):
       [0] Godot.GodotObject Godot.NativeCalls.godot_icall_3_1282(nint, nint, string, string, int) (G:\FPSGame\godot\modules\mono\glue\GodotSharp\GodotSharp\Generated\NativeCalls.cs:11724)
       [1] Godot.Resource Godot.ResourceLoader.Load(string, string, Godot.ResourceLoader+CacheMode) (G:\FPSGame\godot\modules\mono\glue\GodotSharp\GodotSharp\Generated\GodotObjects\ResourceLoader.cs:120)
       [2] T Godot.ResourceLoader.Load<T>(string, string, Godot.ResourceLoader+CacheMode) (G:\FPSGame\godot\modules\mono\glue\GodotSharp\GodotSharp\Core\Extensions\ResourceLoaderExtensions.cs:27)
       [3] T Godot.GD.Load<T>(string) (G:\FPSGame\godot\modules\mono\glue\GodotSharp\GodotSharp\Core\GD.cs:129)
       [4] void FPSGame.PlayerState._Ready() (G:\FPSGame\game\src\Player\PlayerState.cs:68)
       [5] bool Godot.Node.InvokeGodotClassMethod(Godot.NativeInterop.godot_string_name&, Godot.NativeInterop.NativeVariantPtrArgs, Godot.NativeInterop.godot_variant&) (G:\FPSGame\godot\modules\mono\glue\GodotSharp\GodotSharp\Generated\GodotObjects\Node.cs:2660)
       [6] bool FPSGame.PlayerState.InvokeGodotClassMethod(Godot.NativeInterop.godot_string_name&, Godot.NativeInterop.NativeVariantPtrArgs, Godot.NativeInterop.godot_variant&) (G:\FPSGame\game\.godot\mono\temp\obj\Debug\Godot.SourceGenerators\Godot.SourceGenerators.ScriptMethodsGenerator\FPSGame.PlayerState_ScriptMethods.generated.cs:190)
       [7] Godot.NativeInterop.godot_bool Godot.Bridge.CSharpInstanceBridge.Call(nint, Godot.NativeInterop.godot_string_name*, Godot.NativeInterop.godot_variant**, int, Godot.NativeInterop.godot_variant_call_error*, Godot.NativeInterop.godot_variant*) (G:\FPSGame\godot\modules\mono\glue\GodotSharp\GodotSharp\Core\Bridge\CSharpInstanceBridge.cs:24)
WARNING: Invalid comment in Ogg Vorbis file "res://assets/audio/player/Female_Hurt_04_Rina.ogg", should contain '=': "Sony Ogg Vorbis 1.0 Final".
   at: AudioStreamOggVorbis::maybe_update_info (modules\vorbis\audio_stream_ogg_vorbis.cpp:469)
   C# backtrace (most recent call first):
       [0] Godot.GodotObject Godot.NativeCalls.godot_icall_3_1282(nint, nint, string, string, int) (G:\FPSGame\godot\modules\mono\glue\GodotSharp\GodotSharp\Generated\NativeCalls.cs:11724)
       [1] Godot.Resource Godot.ResourceLoader.Load(string, string, Godot.ResourceLoader+CacheMode) (G:\FPSGame\godot\modules\mono\glue\GodotSharp\GodotSharp\Generated\GodotObjects\ResourceLoader.cs:120)
       [2] T Godot.ResourceLoader.Load<T>(string, string, Godot.ResourceLoader+CacheMode) (G:\FPSGame\godot\modules\mono\glue\GodotSharp\GodotSharp\Core\Extensions\ResourceLoaderExtensions.cs:27)
       [3] T Godot.GD.Load<T>(string) (G:\FPSGame\godot\modules\mono\glue\GodotSharp\GodotSharp\Core\GD.cs:129)
       [4] void FPSGame.PlayerState._Ready() (G:\FPSGame\game\src\Player\PlayerState.cs:68)
       [5] bool Godot.Node.InvokeGodotClassMethod(Godot.NativeInterop.godot_string_name&, Godot.NativeInterop.NativeVariantPtrArgs, Godot.NativeInterop.godot_variant&) (G:\FPSGame\godot\modules\mono\glue\GodotSharp\GodotSharp\Generated\GodotObjects\Node.cs:2660)
       [6] bool FPSGame.PlayerState.InvokeGodotClassMethod(Godot.NativeInterop.godot_string_name&, Godot.NativeInterop.NativeVariantPtrArgs, Godot.NativeInterop.godot_variant&) (G:\FPSGame\game\.godot\mono\temp\obj\Debug\Godot.SourceGenerators\Godot.SourceGenerators.ScriptMethodsGenerator\FPSGame.PlayerState_ScriptMethods.generated.cs:190)
       [7] Godot.NativeInterop.godot_bool Godot.Bridge.CSharpInstanceBridge.Call(nint, Godot.NativeInterop.godot_string_name*, Godot.NativeInterop.godot_variant**, int, Godot.NativeInterop.godot_variant_call_error*, Godot.NativeInterop.godot_variant*) (G:\FPSGame\godot\modules\mono\glue\GodotSharp\GodotSharp\Core\Bridge\CSharpInstanceBridge.cs:24)
[UdpDeviceServer] 开始设备发现广播 Fortune → 255.255.255.255:8282
[Story] start, duration 54.85s
[Story] cut → Markers/vcam1 @2.99s
[Story] shot saved: G:/FPSGame/tools/screenshots/check1/gd_story_3s.png
